// Jest Snapshot v1, https://goo.gl/fbAQLP

exports[`Buttons should render the Button component 1`] = `
<button
  className="input-button"
  onClick={[MockFunction]}
  type="button"
>
  1
</button>
`;
