// Jest Snapshot v1, https://goo.gl/fbAQLP

exports[`Navbar should render a component 1`] = `null`;
